// Jest Snapshot v1, https://goo.gl/fbAQLP

exports[`matches snapshot 1`] = `
<createUser>
  <div>
    <form>
      <label>
        "ID"
      </label>
    </form>
  </div>
</createUser>
`;
